# serializer version: 1
# name: test_get_plant_data[asyncio]
  dict({
    0: dict({
      'battery_level': 100.0,
      'fertilise_last': datetime.datetime(2024, 11, 16, 0, 0),
      'fertilise_next': datetime.datetime(2025, 1, 11, 0, 0),
      'last_updated': datetime.datetime(2023, 1, 1, 10, 10, tzinfo=datetime.timezone.utc),
      'light': 2.0,
      'light_max_acceptable': 675.0,
      'light_max_good': 450.0,
      'light_min_acceptable': 18.0,
      'light_min_good': 20.0,
      'light_status': <PlantMeasurementStatus.TOO_LOW: 1>,
      'low_battery': False,
      'moisture': 61.0,
      'moisture_max_acceptable': 80.0,
      'moisture_max_good': 70.0,
      'moisture_min_acceptable': 25.0,
      'moisture_min_good': 35.0,
      'moisture_status': <PlantMeasurementStatus.PERFECT: 3>,
      'name': 'Gummibaum',
      'notification_light': False,
      'notification_nutrition': True,
      'notification_temperature': False,
      'notification_water': True,
      'nutrients_status': <PlantMeasurementStatus.PERFECT: 3>,
      'online': True,
      'ph': None,
      'plant_id': 201,
      'plant_origin_path': '<url>',
      'plant_thumb_path': '<url>',
      'productive_plant': False,
      'repotted': True,
      'salinity': 1.0,
      'salinity_max_acceptable': 1.2,
      'salinity_max_good': 1.0,
      'salinity_min_acceptable': 0.4,
      'salinity_min_good': 0.6,
      'salinity_status': <PlantMeasurementStatus.LOW: 2>,
      'scientific_name': 'Ficus elastica',
      'sensor_available': True,
      'sensor_id': 'AA:AA:AA:2B:AF:F4',
      'sensor_status': <SensorStatus.CORRECT: 1>,
      'sensor_update_available': False,
      'status': <PlantStatus.NEED_ATTENTION: 2>,
      'sw_version': '0.30.0',
      'temperature': 18.0,
      'temperature_max_acceptable': 42.0,
      'temperature_max_good': 36.0,
      'temperature_min_acceptable': 10.0,
      'temperature_min_good': 17.0,
      'temperature_status': <PlantMeasurementStatus.LOW: 2>,
      'user_picture_path': '<url>',
      'user_thumb_path': '<url>',
    }),
    1: dict({
      'battery_level': 50.0,
      'fertilise_last': None,
      'fertilise_next': None,
      'last_updated': datetime.datetime(2023, 1, 1, 10, 10, tzinfo=datetime.timezone.utc),
      'light': None,
      'light_max_acceptable': 675.0,
      'light_max_good': 450.0,
      'light_min_acceptable': 18.0,
      'light_min_good': 20.0,
      'light_status': <PlantMeasurementStatus.NO_DATA: 0>,
      'low_battery': False,
      'moisture': 61.0,
      'moisture_max_acceptable': 80.0,
      'moisture_max_good': 70.0,
      'moisture_min_acceptable': 25.0,
      'moisture_min_good': 35.0,
      'moisture_status': <PlantMeasurementStatus.PERFECT: 3>,
      'name': 'Kakaobaum',
      'notification_light': False,
      'notification_nutrition': False,
      'notification_temperature': False,
      'notification_water': False,
      'nutrients_status': <PlantMeasurementStatus.PERFECT: 3>,
      'online': True,
      'ph': None,
      'plant_id': 201,
      'plant_origin_path': '<url>',
      'plant_thumb_path': '<url>',
      'productive_plant': True,
      'repotted': False,
      'salinity': 1.0,
      'salinity_max_acceptable': 1.2,
      'salinity_max_good': 1.0,
      'salinity_min_acceptable': 0.4,
      'salinity_min_good': 0.6,
      'salinity_status': <PlantMeasurementStatus.LOW: 2>,
      'scientific_name': 'Theobroma cacao',
      'sensor_available': True,
      'sensor_id': 'AA:AA:AA:2B:AF:F4',
      'sensor_status': <SensorStatus.CORRECT: 1>,
      'sensor_update_available': False,
      'status': <PlantStatus.NEED_ATTENTION: 2>,
      'sw_version': '0.30.0',
      'temperature': None,
      'temperature_max_acceptable': 42.0,
      'temperature_max_good': 36.0,
      'temperature_min_acceptable': 10.0,
      'temperature_min_good': 17.0,
      'temperature_status': <PlantMeasurementStatus.NO_DATA: 0>,
      'user_picture_path': '<url>',
      'user_thumb_path': '<url>',
    }),
  })
# ---
# name: test_get_plant_list[asyncio]
  dict({
  })
# ---
